/home/STUDY/FBMF/studfbmf02_18/quast-5.3.0/quast.py /home/STUDY/FBMF/studfbmf02_18/hw4_velvet_assembly/results/velvet/k31/contigs.fa /home/STUDY/FBMF/studfbmf02_18/hw4_velvet_assembly/results/velvet/k43/contigs.fa /home/STUDY/FBMF/studfbmf02_18/hw4_velvet_assembly/results/velvet/k55/contigs.fa /home/STUDY/FBMF/studfbmf02_18/hw4_velvet_assembly/results/velvet/k65/contigs.fa /home/STUDY/FBMF/studfbmf02_18/hw4_velvet_assembly/results/spades_own/scaffolds.fasta -o /home/STUDY/FBMF/studfbmf02_18/hw4_velvet_assembly/quast_all --labels Velvet_k31,Velvet_k43,Velvet_k55,Velvet_k65,SPAdes

Version: 5.3.0, c3eb988a

System information:
  OS: Linux-5.14.0-611.47.1.el9_7.x86_64-x86_64-with-glibc2.34 (linux_64)
  Python version: 3.13.9
  CPUs number: 4

Started: 2026-05-01 11:54:06

Logging to /home/STUDY/FBMF/studfbmf02_18/hw4_velvet_assembly/quast_all/quast.log
NOTICE: Maximum number of threads is set to 1 (use --threads option to set it manually)

CWD: /home/STUDY/FBMF/studfbmf02_18
Main parameters: 
  MODE: default, threads: 1, min contig length: 500, min alignment length: 65, min alignment IDY: 95.0, \
  ambiguity: one, min local misassembly length: 200, min extensive misassembly length: 1000

Contigs:
  Pre-processing...
WARNING: Skipping Velvet_k31 because it doesn't contain contigs >= 500 bp.
WARNING: Skipping Velvet_k43 because it doesn't contain contigs >= 500 bp.


  3  /home/STUDY/FBMF/studfbmf02_18/hw4_velvet_assembly/results/velvet/k55/contigs.fa ==> Velvet_k55
  4  /home/STUDY/FBMF/studfbmf02_18/hw4_velvet_assembly/results/velvet/k65/contigs.fa ==> Velvet_k65
  5  /home/STUDY/FBMF/studfbmf02_18/hw4_velvet_assembly/results/spades_own/scaffolds.fasta ==> SPAdes

2026-05-01 11:54:08
Running Basic statistics processor...
  Contig files: 
    1  Velvet_k55
    2  Velvet_k65
    3  SPAdes
  Calculating N50 and L50...
    1  Velvet_k55, N50 = 593, L50 = 1, auN = 593.0, Total length = 593, GC % = 45.53, # N's per 100 kbp =  0.00
    2  Velvet_k65, N50 = 512, L50 = 1, auN = 510.5, Total length = 1021, GC % = 42.70, # N's per 100 kbp =  0.00
    3  SPAdes, N50 = 722, L50 = 4, auN = 749.6, Total length = 6944, GC % = 43.56, # N's per 100 kbp =  0.00
  Drawing Nx plot...
    saved to /home/STUDY/FBMF/studfbmf02_18/hw4_velvet_assembly/quast_all/basic_stats/Nx_plot.pdf
  Drawing cumulative plot...
    saved to /home/STUDY/FBMF/studfbmf02_18/hw4_velvet_assembly/quast_all/basic_stats/cumulative_plot.pdf
  Drawing GC content plot...
    saved to /home/STUDY/FBMF/studfbmf02_18/hw4_velvet_assembly/quast_all/basic_stats/GC_content_plot.pdf
  Drawing Velvet_k55 GC content plot...
    saved to /home/STUDY/FBMF/studfbmf02_18/hw4_velvet_assembly/quast_all/basic_stats/Velvet_k55_GC_content_plot.pdf
  Drawing Velvet_k65 GC content plot...
    saved to /home/STUDY/FBMF/studfbmf02_18/hw4_velvet_assembly/quast_all/basic_stats/Velvet_k65_GC_content_plot.pdf
  Drawing SPAdes GC content plot...
    saved to /home/STUDY/FBMF/studfbmf02_18/hw4_velvet_assembly/quast_all/basic_stats/SPAdes_GC_content_plot.pdf
  Drawing Coverage histogram (bin size: 1x)...
    saved to /home/STUDY/FBMF/studfbmf02_18/hw4_velvet_assembly/quast_all/basic_stats/coverage_histogram.pdf
  Drawing Velvet_k55 coverage histogram (bin size: 1x)...
    saved to /home/STUDY/FBMF/studfbmf02_18/hw4_velvet_assembly/quast_all/basic_stats/Velvet_k55_coverage_histogram.pdf
  Drawing Velvet_k65 coverage histogram (bin size: 31x)...
    saved to /home/STUDY/FBMF/studfbmf02_18/hw4_velvet_assembly/quast_all/basic_stats/Velvet_k65_coverage_histogram.pdf
  Drawing SPAdes coverage histogram (bin size: 81x)...
    saved to /home/STUDY/FBMF/studfbmf02_18/hw4_velvet_assembly/quast_all/basic_stats/SPAdes_coverage_histogram.pdf
Done.

NOTICE: Genes are not predicted by default. Use --gene-finding or --glimmer option to enable it.

2026-05-01 11:54:11
Creating large visual summaries...
This may take a while: press Ctrl-C to skip this step..
  1 of 2: Creating PDF with all tables and plots...
  2 of 2: Creating Icarus viewers...
Done

2026-05-01 11:54:12
RESULTS:
  Text versions of total report are saved to /home/STUDY/FBMF/studfbmf02_18/hw4_velvet_assembly/quast_all/report.txt, report.tsv, and report.tex
  Text versions of transposed total report are saved to /home/STUDY/FBMF/studfbmf02_18/hw4_velvet_assembly/quast_all/transposed_report.txt, transposed_report.tsv, and transposed_report.tex
  HTML version (interactive tables and plots) is saved to /home/STUDY/FBMF/studfbmf02_18/hw4_velvet_assembly/quast_all/report.html
  PDF version (tables and plots) is saved to /home/STUDY/FBMF/studfbmf02_18/hw4_velvet_assembly/quast_all/report.pdf
  Icarus (contig browser) is saved to /home/STUDY/FBMF/studfbmf02_18/hw4_velvet_assembly/quast_all/icarus.html
  Log is saved to /home/STUDY/FBMF/studfbmf02_18/hw4_velvet_assembly/quast_all/quast.log

Finished: 2026-05-01 11:54:12
Elapsed time: 0:00:05.747470
NOTICEs: 2; WARNINGs: 2; non-fatal ERRORs: 0

Thank you for using QUAST!
