/home/STUDY/FBMF/studfbmf02_18/quast-5.3.0/quast.py /home/STUDY/FBMF/studfbmf02_18/hw4_velvet_assembly/results/velvet/k65/contigs.fa /home/STUDY/FBMF/studfbmf02_18/hw4_velvet_assembly/results/velvet_gentle/k65/contigs.fa /home/STUDY/FBMF/studfbmf02_18/hw4_velvet_assembly/results/spades_own/scaffolds.fasta /home/STUDY/FBMF/studfbmf02_18/hw4_velvet_assembly/results/spades_careful/contigs.fasta /home/STUDY/FBMF/studfbmf02_18/hw4_velvet_assembly/results/spades_final/contigs.fasta -o /home/STUDY/FBMF/studfbmf02_18/hw4_velvet_assembly/quast_all_final --labels Velvet_Original_k65,Velvet_Gentle_k65,SPAdes_Default,SPAdes_Careful,SPAdes_Final

Version: 5.3.0, c3eb988a

System information:
  OS: Linux-5.14.0-611.47.1.el9_7.x86_64-x86_64-with-glibc2.34 (linux_64)
  Python version: 3.13.9
  CPUs number: 4

Started: 2026-05-01 16:07:57

Logging to /home/STUDY/FBMF/studfbmf02_18/hw4_velvet_assembly/quast_all_final/quast.log
NOTICE: Maximum number of threads is set to 1 (use --threads option to set it manually)

CWD: /home/STUDY/FBMF/studfbmf02_18
Main parameters: 
  MODE: default, threads: 1, min contig length: 500, min alignment length: 65, min alignment IDY: 95.0, \
  ambiguity: one, min local misassembly length: 200, min extensive misassembly length: 1000

Contigs:
  Pre-processing...
  1  /home/STUDY/FBMF/studfbmf02_18/hw4_velvet_assembly/results/velvet/k65/contigs.fa ==> Velvet_Original_k65
  2  /home/STUDY/FBMF/studfbmf02_18/hw4_velvet_assembly/results/velvet_gentle/k65/contigs.fa ==> Velvet_Gentle_k65
  3  /home/STUDY/FBMF/studfbmf02_18/hw4_velvet_assembly/results/spades_own/scaffolds.fasta ==> SPAdes_Default
  4  /home/STUDY/FBMF/studfbmf02_18/hw4_velvet_assembly/results/spades_careful/contigs.fasta ==> SPAdes_Careful
  5  /home/STUDY/FBMF/studfbmf02_18/hw4_velvet_assembly/results/spades_final/contigs.fasta ==> SPAdes_Final

2026-05-01 16:07:58
Running Basic statistics processor...
  Contig files: 
    1  Velvet_Original_k65
    2  Velvet_Gentle_k65
    3  SPAdes_Default
    4  SPAdes_Careful
    5  SPAdes_Final
  Calculating N50 and L50...
    1  Velvet_Original_k65, N50 = 512, L50 = 1, auN = 510.5, Total length = 1021, GC % = 42.70, # N's per 100 kbp =  0.00
    2  Velvet_Gentle_k65, N50 = 512, L50 = 2, auN = 544.0, Total length = 1622, GC % = 42.91, # N's per 100 kbp =  0.00
    3  SPAdes_Default, N50 = 722, L50 = 4, auN = 749.6, Total length = 6944, GC % = 43.56, # N's per 100 kbp =  0.00
    4  SPAdes_Careful, N50 = 902, L50 = 2, auN = 914.2, Total length = 3594, GC % = 44.27, # N's per 100 kbp =  0.00
    5  SPAdes_Final, N50 = 826, L50 = 4, auN = 823.0, Total length = 6183, GC % = 43.64, # N's per 100 kbp =  0.00
  Drawing Nx plot...
    saved to /home/STUDY/FBMF/studfbmf02_18/hw4_velvet_assembly/quast_all_final/basic_stats/Nx_plot.pdf
  Drawing cumulative plot...
    saved to /home/STUDY/FBMF/studfbmf02_18/hw4_velvet_assembly/quast_all_final/basic_stats/cumulative_plot.pdf
  Drawing GC content plot...
    saved to /home/STUDY/FBMF/studfbmf02_18/hw4_velvet_assembly/quast_all_final/basic_stats/GC_content_plot.pdf
  Drawing Velvet_Original_k65 GC content plot...
    saved to /home/STUDY/FBMF/studfbmf02_18/hw4_velvet_assembly/quast_all_final/basic_stats/Velvet_Original_k65_GC_content_plot.pdf
  Drawing Velvet_Gentle_k65 GC content plot...
    saved to /home/STUDY/FBMF/studfbmf02_18/hw4_velvet_assembly/quast_all_final/basic_stats/Velvet_Gentle_k65_GC_content_plot.pdf
  Drawing SPAdes_Default GC content plot...
    saved to /home/STUDY/FBMF/studfbmf02_18/hw4_velvet_assembly/quast_all_final/basic_stats/SPAdes_Default_GC_content_plot.pdf
  Drawing SPAdes_Careful GC content plot...
    saved to /home/STUDY/FBMF/studfbmf02_18/hw4_velvet_assembly/quast_all_final/basic_stats/SPAdes_Careful_GC_content_plot.pdf
  Drawing SPAdes_Final GC content plot...
    saved to /home/STUDY/FBMF/studfbmf02_18/hw4_velvet_assembly/quast_all_final/basic_stats/SPAdes_Final_GC_content_plot.pdf
  Drawing Coverage histogram (bin size: 23x)...
    saved to /home/STUDY/FBMF/studfbmf02_18/hw4_velvet_assembly/quast_all_final/basic_stats/coverage_histogram.pdf
  Drawing Velvet_Original_k65 coverage histogram (bin size: 31x)...
    saved to /home/STUDY/FBMF/studfbmf02_18/hw4_velvet_assembly/quast_all_final/basic_stats/Velvet_Original_k65_coverage_histogram.pdf
  Drawing Velvet_Gentle_k65 coverage histogram (bin size: 31x)...
    saved to /home/STUDY/FBMF/studfbmf02_18/hw4_velvet_assembly/quast_all_final/basic_stats/Velvet_Gentle_k65_coverage_histogram.pdf
  Drawing SPAdes_Default coverage histogram (bin size: 81x)...
    saved to /home/STUDY/FBMF/studfbmf02_18/hw4_velvet_assembly/quast_all_final/basic_stats/SPAdes_Default_coverage_histogram.pdf
  Drawing SPAdes_Careful coverage histogram (bin size: 10x)...
    saved to /home/STUDY/FBMF/studfbmf02_18/hw4_velvet_assembly/quast_all_final/basic_stats/SPAdes_Careful_coverage_histogram.pdf
  Drawing SPAdes_Final coverage histogram (bin size: 8x)...
    saved to /home/STUDY/FBMF/studfbmf02_18/hw4_velvet_assembly/quast_all_final/basic_stats/SPAdes_Final_coverage_histogram.pdf
Done.

NOTICE: Genes are not predicted by default. Use --gene-finding or --glimmer option to enable it.

2026-05-01 16:08:00
Creating large visual summaries...
This may take a while: press Ctrl-C to skip this step..
  1 of 2: Creating PDF with all tables and plots...
  2 of 2: Creating Icarus viewers...
Done

2026-05-01 16:08:00
RESULTS:
  Text versions of total report are saved to /home/STUDY/FBMF/studfbmf02_18/hw4_velvet_assembly/quast_all_final/report.txt, report.tsv, and report.tex
  Text versions of transposed total report are saved to /home/STUDY/FBMF/studfbmf02_18/hw4_velvet_assembly/quast_all_final/transposed_report.txt, transposed_report.tsv, and transposed_report.tex
  HTML version (interactive tables and plots) is saved to /home/STUDY/FBMF/studfbmf02_18/hw4_velvet_assembly/quast_all_final/report.html
  PDF version (tables and plots) is saved to /home/STUDY/FBMF/studfbmf02_18/hw4_velvet_assembly/quast_all_final/report.pdf
  Icarus (contig browser) is saved to /home/STUDY/FBMF/studfbmf02_18/hw4_velvet_assembly/quast_all_final/icarus.html
  Log is saved to /home/STUDY/FBMF/studfbmf02_18/hw4_velvet_assembly/quast_all_final/quast.log

Finished: 2026-05-01 16:08:00
Elapsed time: 0:00:02.923662
NOTICEs: 2; WARNINGs: 0; non-fatal ERRORs: 0

Thank you for using QUAST!
