                                 Started job on |	May 11 13:59:37
                             Started mapping on |	May 11 13:59:43
                                    Finished on |	May 11 14:02:51
       Mapping speed, Million of reads per hour |	363.52

                          Number of input reads |	18983758
                      Average input read length |	149
                                    UNIQUE READS:
                   Uniquely mapped reads number |	15831230
                        Uniquely mapped reads % |	83.39%
                          Average mapped length |	148.39
                       Number of splices: Total |	1916109
            Number of splices: Annotated (sjdb) |	1766987
                       Number of splices: GT/AG |	1833973
                       Number of splices: GC/AG |	18175
                       Number of splices: AT/AC |	1316
               Number of splices: Non-canonical |	62645
                      Mismatch rate per base, % |	0.69%
                         Deletion rate per base |	0.01%
                        Deletion average length |	1.45
                        Insertion rate per base |	0.01%
                       Insertion average length |	1.37
                             MULTI-MAPPING READS:
        Number of reads mapped to multiple loci |	1067648
             % of reads mapped to multiple loci |	5.62%
        Number of reads mapped to too many loci |	73455
             % of reads mapped to too many loci |	0.39%
                                  UNMAPPED READS:
  Number of reads unmapped: too many mismatches |	0
       % of reads unmapped: too many mismatches |	0.00%
            Number of reads unmapped: too short |	1976482
                 % of reads unmapped: too short |	10.41%
                Number of reads unmapped: other |	34943
                     % of reads unmapped: other |	0.18%
                                  CHIMERIC READS:
                       Number of chimeric reads |	0
                            % of chimeric reads |	0.00%
