/home/STUDY/FBMF/studfbmf02_18/quast-5.3.0/quast.py /home/STUDY/FBMF/studfbmf02_18/hw4_velvet_assembly/results/spades_own/scaffolds.fasta /home/STUDY/FBMF/studfbmf02_18/hw4_velvet_assembly/results/spades_careful/contigs.fasta /home/STUDY/FBMF/studfbmf02_18/hw4_velvet_assembly/results/spades_final_vers/contigs.fasta -o /home/STUDY/FBMF/studfbmf02_18/hw4_velvet_assembly/quast_spades_three --labels SPAdes_Default,SPAdes_Careful,SPAdes_Final

Version: 5.3.0, c3eb988a

System information:
  OS: Linux-5.14.0-611.47.1.el9_7.x86_64-x86_64-with-glibc2.34 (linux_64)
  Python version: 3.13.9
  CPUs number: 4

Started: 2026-05-01 18:33:16

Logging to /home/STUDY/FBMF/studfbmf02_18/hw4_velvet_assembly/quast_spades_three/quast.log
NOTICE: Maximum number of threads is set to 1 (use --threads option to set it manually)

CWD: /home/STUDY/FBMF/studfbmf02_18
Main parameters: 
  MODE: default, threads: 1, min contig length: 500, min alignment length: 65, min alignment IDY: 95.0, \
  ambiguity: one, min local misassembly length: 200, min extensive misassembly length: 1000

Contigs:
  Pre-processing...
  1  /home/STUDY/FBMF/studfbmf02_18/hw4_velvet_assembly/results/spades_own/scaffolds.fasta ==> SPAdes_Default
  2  /home/STUDY/FBMF/studfbmf02_18/hw4_velvet_assembly/results/spades_careful/contigs.fasta ==> SPAdes_Careful
  3  /home/STUDY/FBMF/studfbmf02_18/hw4_velvet_assembly/results/spades_final_vers/contigs.fasta ==> SPAdes_Final

2026-05-01 18:33:17
Running Basic statistics processor...
  Contig files: 
    1  SPAdes_Default
    2  SPAdes_Careful
    3  SPAdes_Final
  Calculating N50 and L50...
    1  SPAdes_Default, N50 = 722, L50 = 4, auN = 749.6, Total length = 6944, GC % = 43.56, # N's per 100 kbp =  0.00
    2  SPAdes_Careful, N50 = 902, L50 = 2, auN = 914.2, Total length = 3594, GC % = 44.27, # N's per 100 kbp =  0.00
    3  SPAdes_Final, N50 = 902, L50 = 2, auN = 914.2, Total length = 3594, GC % = 44.27, # N's per 100 kbp =  0.00
  Drawing Nx plot...
    saved to /home/STUDY/FBMF/studfbmf02_18/hw4_velvet_assembly/quast_spades_three/basic_stats/Nx_plot.pdf
  Drawing cumulative plot...
    saved to /home/STUDY/FBMF/studfbmf02_18/hw4_velvet_assembly/quast_spades_three/basic_stats/cumulative_plot.pdf
  Drawing GC content plot...
    saved to /home/STUDY/FBMF/studfbmf02_18/hw4_velvet_assembly/quast_spades_three/basic_stats/GC_content_plot.pdf
  Drawing SPAdes_Default GC content plot...
    saved to /home/STUDY/FBMF/studfbmf02_18/hw4_velvet_assembly/quast_spades_three/basic_stats/SPAdes_Default_GC_content_plot.pdf
  Drawing SPAdes_Careful GC content plot...
    saved to /home/STUDY/FBMF/studfbmf02_18/hw4_velvet_assembly/quast_spades_three/basic_stats/SPAdes_Careful_GC_content_plot.pdf
  Drawing SPAdes_Final GC content plot...
    saved to /home/STUDY/FBMF/studfbmf02_18/hw4_velvet_assembly/quast_spades_three/basic_stats/SPAdes_Final_GC_content_plot.pdf
  Drawing Coverage histogram (bin size: 39x)...
    saved to /home/STUDY/FBMF/studfbmf02_18/hw4_velvet_assembly/quast_spades_three/basic_stats/coverage_histogram.pdf
  Drawing SPAdes_Default coverage histogram (bin size: 81x)...
    saved to /home/STUDY/FBMF/studfbmf02_18/hw4_velvet_assembly/quast_spades_three/basic_stats/SPAdes_Default_coverage_histogram.pdf
  Drawing SPAdes_Careful coverage histogram (bin size: 10x)...
    saved to /home/STUDY/FBMF/studfbmf02_18/hw4_velvet_assembly/quast_spades_three/basic_stats/SPAdes_Careful_coverage_histogram.pdf
  Drawing SPAdes_Final coverage histogram (bin size: 10x)...
    saved to /home/STUDY/FBMF/studfbmf02_18/hw4_velvet_assembly/quast_spades_three/basic_stats/SPAdes_Final_coverage_histogram.pdf
Done.

NOTICE: Genes are not predicted by default. Use --gene-finding or --glimmer option to enable it.

2026-05-01 18:33:19
Creating large visual summaries...
This may take a while: press Ctrl-C to skip this step..
  1 of 2: Creating PDF with all tables and plots...
  2 of 2: Creating Icarus viewers...
Done

2026-05-01 18:33:20
RESULTS:
  Text versions of total report are saved to /home/STUDY/FBMF/studfbmf02_18/hw4_velvet_assembly/quast_spades_three/report.txt, report.tsv, and report.tex
  Text versions of transposed total report are saved to /home/STUDY/FBMF/studfbmf02_18/hw4_velvet_assembly/quast_spades_three/transposed_report.txt, transposed_report.tsv, and transposed_report.tex
  HTML version (interactive tables and plots) is saved to /home/STUDY/FBMF/studfbmf02_18/hw4_velvet_assembly/quast_spades_three/report.html
  PDF version (tables and plots) is saved to /home/STUDY/FBMF/studfbmf02_18/hw4_velvet_assembly/quast_spades_three/report.pdf
  Icarus (contig browser) is saved to /home/STUDY/FBMF/studfbmf02_18/hw4_velvet_assembly/quast_spades_three/icarus.html
  Log is saved to /home/STUDY/FBMF/studfbmf02_18/hw4_velvet_assembly/quast_spades_three/quast.log

Finished: 2026-05-01 18:33:20
Elapsed time: 0:00:04.153311
NOTICEs: 2; WARNINGs: 0; non-fatal ERRORs: 0

Thank you for using QUAST!
